#-----------------------------------------------------------
# xsim v2025.2.1 (64-bit)
# SW Build 6403652 on Thu Mar 19 13:47:00 MDT 2026
# IP Build 6403511 on Thu Mar 19 12:41:45 MDT 2026
# SharedData Build 6403650 on Thu Mar 19 14:02:13 MDT 2026
# Start of session at: Thu Jul 16 21:15:49 2026
# Process ID         : 1295012
# Current directory  : /home/k/melten-dev/opentitan-upstream/campaigns/dma-memory-protection-closure-04908ed9c14c/checks/m8/xsim-footprint-c9619cb761
# Command line       : xsim -log xsim-tb.log -mode tcl -source {xsim.dir/dma_footprint_xsim_tb/xsim_script.tcl}
# Log file           : /home/k/melten-dev/opentitan-upstream/campaigns/dma-memory-protection-closure-04908ed9c14c/checks/m8/xsim-footprint-c9619cb761/xsim-tb.log
# Journal file       : /home/k/melten-dev/opentitan-upstream/campaigns/dma-memory-protection-closure-04908ed9c14c/checks/m8/xsim-footprint-c9619cb761/xsim.jou
# Running On         : kp-gm-u
# Platform           : Ubuntu
# Operating System   : Ubuntu 24.04.3 LTS
# Processor Detail   : AMD Ryzen 9 9950X3D 16-Core Processor
# CPU Frequency      : 5552.606 MHz
# CPU Physical cores : 16
# CPU Logical cores  : 32
# Host memory        : 66945 MB
# Swap memory        : 8589 MB
# Total Virtual      : 75535 MB
# Available Virtual  : 55582 MB
#-----------------------------------------------------------
source xsim.dir/dma_footprint_xsim_tb/xsim_script.tcl
# xsim {dma_footprint_xsim_tb} -autoloadwcfg -runall
Time resolution is 1 ps
run -all
DMA_FOOTPRINT_XSIM_PASS checks=49
$finish called at time : 48 ns : File "/home/k/melten-dev/opentitan-upstream/campaigns/dma-memory-protection-closure-04908ed9c14c/swb-support/checks/dma_footprint_xsim_tb.sv" Line 423
exit
INFO: xsimkernel Simulation Memory Usage: 286712 KB (Peak: 339176 KB), Simulation CPU Usage: 490 ms
INFO: [Common 17-206] Exiting xsim at Thu Jul 16 21:15:51 2026...
